[16:29:20] Tải GTK theme catppuccin-mocha-mauve...
[16:29:34] GTK theme OK
[16:29:34] Cài Tela-circle purple...
Cloning into '/tmp/rice-downloads/Tela-circle-icon-theme'...
gtk-update-icon-cache: Cache file created successfully.
gtk-update-icon-cache: Cache file created successfully.
gtk-update-icon-cache: Cache file created successfully.
[16:29:41] Tela-circle OK
[16:29:41] Tải Catppuccin cursors...
[16:29:56] Cursors OK
[16:29:56] Tải font Inter...
[16:30:11] Inter OK
[16:30:11] Tải wallpapers...
find: ‘/tmp/rice-downloads/walls’: No such file or directory
find: ‘/tmp/rice-downloads/walls’: No such file or directory
find: ‘/tmp/rice-downloads/walls’: No such file or directory
find: ‘/tmp/rice-downloads/walls’: No such file or directory
find: ‘/tmp/rice-downloads/walls’: No such file or directory
find: ‘/tmp/rice-downloads/walls’: No such file or directory
find: ‘/tmp/rice-downloads/walls’: No such file or directory
[16:30:49] Cài btop...
[16:32:11] btop OK
[16:32:11] Cài fastfetch...
[16:32:18] fastfetch OK
[16:32:18] HOÀN TẤT install-base-themes
