[16:30:30] Tải blur-my-shell@aunetx...
[16:30:43]   ✓ đã cài blur-my-shell@aunetx
[16:30:43] Tải burn-my-windows@schneegans.github.com...
[16:31:10]   ✓ đã cài burn-my-windows@schneegans.github.com
[16:31:10] Tải openbar@neuromorph...
[16:31:15]   ✓ đã cài openbar@neuromorph
[16:31:16] Tải rounded-window-corners@fxgn...
[16:31:22]   ✓ đã cài rounded-window-corners@fxgn
[16:31:22] Tải user-theme@gnome-shell-extensions.gcampax.github.com...
[16:31:25]   ✓ đã cài user-theme@gnome-shell-extensions.gcampax.github.com
[16:31:26] Đã thêm vào enabled-extensions (cần logout/login để nạp).
[17:02:18] Tải blur-my-shell@aunetx...
[17:02:28]   ✓ đã cài blur-my-shell@aunetx
[17:02:28] Tải burn-my-windows@schneegans.github.com...
[17:02:57]   ✓ đã cài burn-my-windows@schneegans.github.com
[17:02:57] Tải openbar@neuromorph...
[17:03:02]   ✓ đã cài openbar@neuromorph
[17:03:02] Tải rounded-window-corners@fxgn...
[17:03:08]   ✓ đã cài rounded-window-corners@fxgn
[17:03:09] Tải user-theme@gnome-shell-extensions.gcampax.github.com...
[17:03:15]   ✓ đã cài user-theme@gnome-shell-extensions.gcampax.github.com
[17:03:15] Tải hidetopbar@mathieu.bidon.ca...
[17:03:32]   ✓ đã cài hidetopbar@mathieu.bidon.ca
[17:03:32] Tải compiz-windows-effect@hermes83.github.com...
[17:03:36]   ✓ đã cài compiz-windows-effect@hermes83.github.com
[17:03:36] Tải compiz-alike-magic-lamp-effect@hermes83.github.com...
[17:03:40]   ✓ đã cài compiz-alike-magic-lamp-effect@hermes83.github.com
[17:03:41] Tải desktop-cube@schneegans.github.com...
[17:03:50]   ✓ đã cài desktop-cube@schneegans.github.com
[17:03:50] Tải mediacontrols@cliffniff.github.com...
[17:03:56]   ✓ đã cài mediacontrols@cliffniff.github.com
[17:03:57] Tải custom-hot-corners-extended@G-dH.github.com...
[17:04:11]   ✓ đã cài custom-hot-corners-extended@G-dH.github.com
[17:04:11] Đã thêm vào enabled-extensions (cần logout/login để nạp).
